WARNING : Could not find a target 'html', but found a target 'web' with format='html'; using this target.
INFO    : Building target web
INFO    : XSL conversion of C:\Users\codyc\Documents\bookds\discrete-mathematics\source\main.ptx by C:\Users\codyc\.ptx\2.52.3\core\xsl\utilities\pretext-enhanced-source.xsl
INFO    : successful application of C:\Users\codyc\.ptx\2.52.3\core\xsl\utilities\pretext-enhanced-source.xsl
INFO    : discovering source file's directory name: C:\Users\codyc\Documents\bookds\discrete-mathematics\source
INFO    : verifying and expanding input directory: C:\Users\codyc\Documents\bookds\discrete-mathematics\source\../assets
INFO    : input directory expanded to absolute path: C:\Users\codyc\Documents\bookds\discrete-mathematics\assets
INFO    : Generating any needed assets.
INFO    : Finished generating assets.

INFO    : Preparing to build into C:\Users\codyc\Documents\bookds\discrete-mathematics\output\web.
WARNING : Node.js must be installed to build CSS files.  Please install node.js and npm.
 Will try to use prebuilt CSS files instead.
INFO    : discovering source file's directory name: C:\Users\codyc\Documents\bookds\discrete-mathematics\source
INFO    : verifying and expanding input directory: C:\Users\codyc\Documents\bookds\discrete-mathematics\source\../assets
INFO    : input directory expanded to absolute path: C:\Users\codyc\Documents\bookds\discrete-mathematics\assets
INFO    : discovering source file's directory name: C:\Users\codyc\Documents\bookds\discrete-mathematics\source
INFO    : XSL conversion of C:\Users\codyc\Documents\bookds\discrete-mathematics\source\main.ptx by C:\Users\codyc\.ptx\2.52.3\core\xsl\utilities\report-publisher-variables.xsl
INFO    : successful application of C:\Users\codyc\.ptx\2.52.3\core\xsl\utilities\report-publisher-variables.xsl
INFO    : Downloading rs services file from https://runestone.academy/cdn/runestone/latest/webpack_static_imports.xml.
INFO    : Runestone Services via online CDN query: version 8.2.10
INFO    : Downloading Runestone Services, version 8.2.10
INFO    : Extracting Runestone Services from archive file
INFO    : Node.js not available. Relying on prebuilt default-modern.
INFO    : Using prebuilt CSS theme: default-modern with options: {'options': {'primary-color': '#195684', 'secondary-color': '#932c1c'}, 'contrast-checks': {'primary-color': '#fff', 'secondary-color': '#fff', 'primary-color-dark': '#23241f'}}
INFO    : converting C:\Users\codyc\Documents\bookds\discrete-mathematics\source\main.ptx to HTML in C:\Users\codyc\AppData\Local\Temp\ptx-ppbiu3mu
INFO    : XSL conversion of C:\Users\codyc\Documents\bookds\discrete-mathematics\source\main.ptx by C:\Users\codyc\.ptx\2.52.3\core\xsl\pretext-html.xsl
INFO    : messages from the log for XSL processing (prefaced with a *):
INFO    : * PTX:INFO:   checking all deprecated elements.
FATAL   : * PTX:FATAL:   percentage attributes sum to over 100%
ERROR   : processing with C:\Users\codyc\.ptx\2.52.3\core\xsl\pretext-html.xsl has failed

FATAL   : PTX:FATAL:   percentage attributes sum to over 100%
INFO    : ------------------------
exit    : Failed to build without errors.  Exiting...
INFO    : 
----------------------------------------------------
INFO    : While running pretext, the following errors occurred:

INFO    : (see log messages above or in the 'logs' folder for more information)
INFO    : ----------------------------------------------------
