WARNING : Could not find a target 'html', but found a target 'web' with format='html'; using this target.
INFO    : Building target web
INFO    : XSL conversion of C:\Users\codyc\Documents\bookds\discrete-mathematics\source\main.ptx by C:\Users\codyc\.ptx\2.52.3\core\xsl\utilities\pretext-enhanced-source.xsl
INFO    : successful application of C:\Users\codyc\.ptx\2.52.3\core\xsl\utilities\pretext-enhanced-source.xsl
INFO    : discovering source file's directory name: C:\Users\codyc\Documents\bookds\discrete-mathematics\source
INFO    : verifying and expanding input directory: C:\Users\codyc\Documents\bookds\discrete-mathematics\source\../assets
INFO    : input directory expanded to absolute path: C:\Users\codyc\Documents\bookds\discrete-mathematics\assets
INFO    : Generating any needed assets.
INFO    : Finished generating assets.

INFO    : Preparing to build into C:\Users\codyc\Documents\bookds\discrete-mathematics\output\web.
WARNING : Node.js must be installed to build CSS files.  Please install node.js and npm.
 Will try to use prebuilt CSS files instead.
WARNING : Cannot find npm.  Will try to use prebuilt CSS files instead.
WARNING : Unable to install npm packages to build css files.  Non-default CSS themes require node.js and npm to be installed.  See https://pretextbook.org/doc/guide/html/node-and-npm.html
WARNING : 
INFO    : discovering source file's directory name: C:\Users\codyc\Documents\bookds\discrete-mathematics\source
INFO    : verifying and expanding input directory: C:\Users\codyc\Documents\bookds\discrete-mathematics\source\../assets
INFO    : input directory expanded to absolute path: C:\Users\codyc\Documents\bookds\discrete-mathematics\assets
INFO    : discovering source file's directory name: C:\Users\codyc\Documents\bookds\discrete-mathematics\source
INFO    : XSL conversion of C:\Users\codyc\Documents\bookds\discrete-mathematics\source\main.ptx by C:\Users\codyc\.ptx\2.52.3\core\xsl\utilities\report-publisher-variables.xsl
INFO    : successful application of C:\Users\codyc\.ptx\2.52.3\core\xsl\utilities\report-publisher-variables.xsl
INFO    : Downloading rs services file from https://runestone.academy/cdn/runestone/latest/webpack_static_imports.xml.
INFO    : Runestone Services via online CDN query: version 8.2.10
INFO    : Downloading Runestone Services, version 8.2.10
INFO    : Extracting Runestone Services from archive file
ERROR   : Node.js is required to build themes other than default-modern. Make sure it is installed and in your PATH. Then do 'npm install' in the pretext/script/cssbuilder directory. https://pretextbook.org/doc/guide/html/node-and-npm.html
FATAL   : PTX:ERROR: cannot locate executable with configuration name `node` as command `node`
***  Edit the configuration file  ("pretext.cfg" or "project.ptx") and/or install  ***
***  the necessary program and/or make sure the executable is on your PATH         ***
INFO    : ------------------------
exit    : Failed to build without errors.  Exiting...
INFO    : 
----------------------------------------------------
INFO    : While running pretext, the following errors occurred:

INFO    : (see log messages above or in the 'logs' folder for more information)
INFO    : ----------------------------------------------------
